[walks shard 1] 5/21 instances, 240 cases, 12.4s
[walks shard 1] 10/21 instances, 492 cases, 24.0s
[walks shard 1] 15/21 instances, 732 cases, 35.2s
[walks shard 1] 20/21 instances, 972 cases, 46.8s
[walks shard 1] 21/21 instances, 1020 cases, 49.1s
wrote results/benchmark_full/cases_shard_001.csv.gz: 1020 cases in 50.0s
	Command being timed: "nice -n 10 python src/run_benchmark_walks.py --preset full --num-shards 12 --shard-id 1"
	User time (seconds): 50.24
	System time (seconds): 0.25
	Percent of CPU this job got: 99%
	Elapsed (wall clock) time (h:mm:ss or m:ss): 0:50.50
	Average shared text size (kbytes): 0
	Average unshared data size (kbytes): 0
	Average stack size (kbytes): 0
	Average total size (kbytes): 0
	Maximum resident set size (kbytes): 257984
	Average resident set size (kbytes): 0
	Major (requiring I/O) page faults: 0
	Minor (reclaiming a frame) page faults: 84847
	Voluntary context switches: 1
	Involuntary context switches: 273
	Swaps: 0
	File system inputs: 0
	File system outputs: 1960
	Socket messages sent: 0
	Socket messages received: 0
	Signals delivered: 0
	Page size (bytes): 4096
	Exit status: 0
