[walks shard 3] 5/21 instances, 252 cases, 12.9s
[walks shard 3] 10/21 instances, 504 cases, 24.4s
[walks shard 3] 15/21 instances, 756 cases, 35.4s
[walks shard 3] 20/21 instances, 996 cases, 46.7s
[walks shard 3] 21/21 instances, 1044 cases, 49.1s
wrote results/benchmark_full/cases_shard_003.csv.gz: 1044 cases in 50.0s
	Command being timed: "nice -n 10 python src/run_benchmark_walks.py --preset full --num-shards 12 --shard-id 3"
	User time (seconds): 50.24
	System time (seconds): 0.24
	Percent of CPU this job got: 99%
	Elapsed (wall clock) time (h:mm:ss or m:ss): 0:50.50
	Average shared text size (kbytes): 0
	Average unshared data size (kbytes): 0
	Average stack size (kbytes): 0
	Average total size (kbytes): 0
	Maximum resident set size (kbytes): 278344
	Average resident set size (kbytes): 0
	Major (requiring I/O) page faults: 0
	Minor (reclaiming a frame) page faults: 77343
	Voluntary context switches: 1
	Involuntary context switches: 341
	Swaps: 0
	File system inputs: 0
	File system outputs: 1920
	Socket messages sent: 0
	Socket messages received: 0
	Signals delivered: 0
	Page size (bytes): 4096
	Exit status: 0
