[walks shard 4] 5/21 instances, 252 cases, 12.9s
[walks shard 4] 10/21 instances, 504 cases, 23.6s
[walks shard 4] 15/21 instances, 744 cases, 34.7s
[walks shard 4] 20/21 instances, 984 cases, 46.1s
[walks shard 4] 21/21 instances, 1044 cases, 48.5s
wrote results/benchmark_full/cases_shard_004.csv.gz: 1044 cases in 49.4s
	Command being timed: "nice -n 10 python src/run_benchmark_walks.py --preset full --num-shards 12 --shard-id 4"
	User time (seconds): 49.61
	System time (seconds): 0.25
	Percent of CPU this job got: 99%
	Elapsed (wall clock) time (h:mm:ss or m:ss): 0:49.88
	Average shared text size (kbytes): 0
	Average unshared data size (kbytes): 0
	Average stack size (kbytes): 0
	Average total size (kbytes): 0
	Maximum resident set size (kbytes): 277396
	Average resident set size (kbytes): 0
	Major (requiring I/O) page faults: 0
	Minor (reclaiming a frame) page faults: 77810
	Voluntary context switches: 1
	Involuntary context switches: 325
	Swaps: 0
	File system inputs: 0
	File system outputs: 2040
	Socket messages sent: 0
	Socket messages received: 0
	Signals delivered: 0
	Page size (bytes): 4096
	Exit status: 0
