[walks shard 2] 5/21 instances, 240 cases, 12.8s
[walks shard 2] 10/21 instances, 480 cases, 23.7s
[walks shard 2] 15/21 instances, 720 cases, 34.6s
[walks shard 2] 20/21 instances, 960 cases, 45.9s
[walks shard 2] 21/21 instances, 1020 cases, 48.3s
wrote results/benchmark_full/cases_shard_002.csv.gz: 1020 cases in 49.2s
	Command being timed: "nice -n 10 python src/run_benchmark_walks.py --preset full --num-shards 12 --shard-id 2"
	User time (seconds): 49.42
	System time (seconds): 0.24
	Percent of CPU this job got: 99%
	Elapsed (wall clock) time (h:mm:ss or m:ss): 0:49.67
	Average shared text size (kbytes): 0
	Average unshared data size (kbytes): 0
	Average stack size (kbytes): 0
	Average total size (kbytes): 0
	Maximum resident set size (kbytes): 273480
	Average resident set size (kbytes): 0
	Major (requiring I/O) page faults: 0
	Minor (reclaiming a frame) page faults: 77150
	Voluntary context switches: 1
	Involuntary context switches: 302
	Swaps: 0
	File system inputs: 0
	File system outputs: 2032
	Socket messages sent: 0
	Socket messages received: 0
	Signals delivered: 0
	Page size (bytes): 4096
	Exit status: 0
