[walks shard 8] 5/20 instances, 240 cases, 12.6s
[walks shard 8] 10/20 instances, 492 cases, 23.7s
[walks shard 8] 15/20 instances, 768 cases, 34.8s
[walks shard 8] 20/20 instances, 1008 cases, 46.0s
wrote results/benchmark_full/cases_shard_008.csv.gz: 1008 cases in 46.9s
	Command being timed: "nice -n 10 python src/run_benchmark_walks.py --preset full --num-shards 12 --shard-id 8"
	User time (seconds): 47.11
	System time (seconds): 0.22
	Percent of CPU this job got: 99%
	Elapsed (wall clock) time (h:mm:ss or m:ss): 0:47.35
	Average shared text size (kbytes): 0
	Average unshared data size (kbytes): 0
	Average stack size (kbytes): 0
	Average total size (kbytes): 0
	Maximum resident set size (kbytes): 272632
	Average resident set size (kbytes): 0
	Major (requiring I/O) page faults: 0
	Minor (reclaiming a frame) page faults: 75258
	Voluntary context switches: 1
	Involuntary context switches: 257
	Swaps: 0
	File system inputs: 0
	File system outputs: 1936
	Socket messages sent: 0
	Socket messages received: 0
	Signals delivered: 0
	Page size (bytes): 4096
	Exit status: 0
