[real] parsing sp_hospital: data/raw/hospital_lyon_contacts.dat.gz
[real] parsing sp_primaryschool: data/raw/primaryschool.csv.gz
[real] parsing sp_highschool2013: data/raw/HighSchool2013_proximity_net.csv.gz
[real] parsing sp_hypertext2009: data/raw/ht2009_contact_list.dat.gz
[real] parsing snap_collegemsg: data/raw/CollegeMsg.txt.gz
[real] parsing snap_email_eu: data/raw/email-Eu-core-temporal.txt.gz
[real] parsing snap_mathoverflow: data/raw/sx-mathoverflow.txt.gz
[real] parsing snap_bitcoin_otc: data/raw/soc-sign-bitcoinotc.csv.gz

wrote data/benchmark_v2/manifest.csv: 745 instances, 38 independent groups
data_block
mechanistic_activity               18
mechanistic_dar                   108
mechanistic_dar_correlated         48
mechanistic_dar_heterogeneous      96
mechanistic_renewal                36
real_chunk                         11
real_controlled                   196
real_empirical                      8
real_shuffle_edge_rewire           14
real_shuffle_global                14
real_shuffle_lifetime_resample     14
real_shuffle_within_window         14
synthetic_controlled              168
	Command being timed: "nice -n 10 python src/build_benchmark_data.py --preset v2 --overwrite"
	User time (seconds): 762.55
	System time (seconds): 16.77
	Percent of CPU this job got: 99%
	Elapsed (wall clock) time (h:mm:ss or m:ss): 12:59.49
	Average shared text size (kbytes): 0
	Average unshared data size (kbytes): 0
	Average stack size (kbytes): 0
	Average total size (kbytes): 0
	Maximum resident set size (kbytes): 554788
	Average resident set size (kbytes): 0
	Major (requiring I/O) page faults: 0
	Minor (reclaiming a frame) page faults: 7665324
	Voluntary context switches: 11
	Involuntary context switches: 4708
	Swaps: 0
	File system inputs: 648
	File system outputs: 783016
	Socket messages sent: 0
	Socket messages received: 0
	Signals delivered: 0
	Page size (bytes): 4096
	Exit status: 0
