[walks shard 8] 5/62 instances, 600 cases, 31.6s
[walks shard 8] 10/62 instances, 1200 cases, 64.9s
[walks shard 8] 15/62 instances, 1800 cases, 97.2s
[walks shard 8] 20/62 instances, 2400 cases, 134.6s
[walks shard 8] 25/62 instances, 3000 cases, 170.7s
[walks shard 8] 30/62 instances, 3600 cases, 202.7s
[walks shard 8] 35/62 instances, 4220 cases, 232.8s
[walks shard 8] 40/62 instances, 4820 cases, 261.8s
[walks shard 8] 45/62 instances, 5420 cases, 293.7s
[walks shard 8] 50/62 instances, 6020 cases, 327.0s
[walks shard 8] 55/62 instances, 6620 cases, 360.2s
[walks shard 8] 60/62 instances, 7220 cases, 391.0s
[walks shard 8] 62/62 instances, 7480 cases, 404.1s
wrote results/benchmark_v2/cases_shard_008.csv.gz: 7480 cases in 411.9s
	Command being timed: "nice -n 10 python src/run_benchmark_walks.py --preset v2 --num-shards 12 --shard-id 8"
	User time (seconds): 411.64
	System time (seconds): 0.88
	Percent of CPU this job got: 99%
	Elapsed (wall clock) time (h:mm:ss or m:ss): 6:52.57
	Average shared text size (kbytes): 0
	Average unshared data size (kbytes): 0
	Average stack size (kbytes): 0
	Average total size (kbytes): 0
	Maximum resident set size (kbytes): 787308
	Average resident set size (kbytes): 0
	Major (requiring I/O) page faults: 0
	Minor (reclaiming a frame) page faults: 281103
	Voluntary context switches: 1
	Involuntary context switches: 2136
	Swaps: 0
	File system inputs: 0
	File system outputs: 25040
	Socket messages sent: 0
	Socket messages received: 0
	Signals delivered: 0
	Page size (bytes): 4096
	Exit status: 0
