[walks shard 11] 5/62 instances, 600 cases, 30.0s
[walks shard 11] 10/62 instances, 1200 cases, 62.4s
[walks shard 11] 15/62 instances, 1800 cases, 94.6s
[walks shard 11] 20/62 instances, 2400 cases, 130.8s
[walks shard 11] 25/62 instances, 3000 cases, 167.1s
[walks shard 11] 30/62 instances, 3600 cases, 199.0s
[walks shard 11] 35/62 instances, 4200 cases, 230.2s
[walks shard 11] 40/62 instances, 4800 cases, 257.2s
[walks shard 11] 45/62 instances, 5420 cases, 289.1s
[walks shard 11] 50/62 instances, 6020 cases, 323.3s
[walks shard 11] 55/62 instances, 6640 cases, 355.8s
[walks shard 11] 60/62 instances, 7240 cases, 387.4s
[walks shard 11] 62/62 instances, 7480 cases, 400.5s
wrote results/benchmark_v2/cases_shard_011.csv.gz: 7480 cases in 408.5s
	Command being timed: "nice -n 10 python src/run_benchmark_walks.py --preset v2 --num-shards 12 --shard-id 11"
	User time (seconds): 408.21
	System time (seconds): 0.87
	Percent of CPU this job got: 99%
	Elapsed (wall clock) time (h:mm:ss or m:ss): 6:49.12
	Average shared text size (kbytes): 0
	Average unshared data size (kbytes): 0
	Average stack size (kbytes): 0
	Average total size (kbytes): 0
	Maximum resident set size (kbytes): 785856
	Average resident set size (kbytes): 0
	Major (requiring I/O) page faults: 0
	Minor (reclaiming a frame) page faults: 279746
	Voluntary context switches: 2
	Involuntary context switches: 1901
	Swaps: 0
	File system inputs: 0
	File system outputs: 24776
	Socket messages sent: 0
	Socket messages received: 0
	Signals delivered: 0
	Page size (bytes): 4096
	Exit status: 0
