[walks shard 10] 5/62 instances, 600 cases, 30.8s
[walks shard 10] 10/62 instances, 1200 cases, 63.3s
[walks shard 10] 15/62 instances, 1820 cases, 95.3s
[walks shard 10] 20/62 instances, 2420 cases, 130.9s
[walks shard 10] 25/62 instances, 3040 cases, 164.9s
[walks shard 10] 30/62 instances, 3640 cases, 196.1s
[walks shard 10] 35/62 instances, 4240 cases, 224.1s
[walks shard 10] 40/62 instances, 4860 cases, 250.6s
[walks shard 10] 45/62 instances, 5480 cases, 282.1s
[walks shard 10] 50/62 instances, 6080 cases, 316.4s
[walks shard 10] 55/62 instances, 6680 cases, 348.7s
[walks shard 10] 60/62 instances, 7280 cases, 380.0s
[walks shard 10] 62/62 instances, 7520 cases, 393.3s
wrote results/benchmark_v2/cases_shard_010.csv.gz: 7520 cases in 401.1s
	Command being timed: "nice -n 10 python src/run_benchmark_walks.py --preset v2 --num-shards 12 --shard-id 10"
	User time (seconds): 400.85
	System time (seconds): 0.84
	Percent of CPU this job got: 99%
	Elapsed (wall clock) time (h:mm:ss or m:ss): 6:41.74
	Average shared text size (kbytes): 0
	Average unshared data size (kbytes): 0
	Average stack size (kbytes): 0
	Average total size (kbytes): 0
	Maximum resident set size (kbytes): 789384
	Average resident set size (kbytes): 0
	Major (requiring I/O) page faults: 0
	Minor (reclaiming a frame) page faults: 281138
	Voluntary context switches: 1
	Involuntary context switches: 2107
	Swaps: 0
	File system inputs: 0
	File system outputs: 24464
	Socket messages sent: 0
	Socket messages received: 0
	Signals delivered: 0
	Page size (bytes): 4096
	Exit status: 0
