[walks shard 2] 5/62 instances, 600 cases, 31.3s
[walks shard 2] 10/62 instances, 1200 cases, 64.0s
[walks shard 2] 15/62 instances, 1800 cases, 94.4s
[walks shard 2] 20/62 instances, 2400 cases, 130.1s
[walks shard 2] 25/62 instances, 3000 cases, 168.1s
[walks shard 2] 30/62 instances, 3620 cases, 200.2s
[walks shard 2] 35/62 instances, 4220 cases, 230.2s
[walks shard 2] 40/62 instances, 4840 cases, 258.3s
[walks shard 2] 45/62 instances, 5440 cases, 289.2s
[walks shard 2] 50/62 instances, 6040 cases, 322.1s
[walks shard 2] 55/62 instances, 6660 cases, 355.0s
[walks shard 2] 60/62 instances, 7260 cases, 386.9s
[walks shard 2] 62/62 instances, 7500 cases, 399.9s
wrote results/benchmark_v2/cases_shard_002.csv.gz: 7500 cases in 408.0s
	Command being timed: "nice -n 10 python src/run_benchmark_walks.py --preset v2 --num-shards 12 --shard-id 2"
	User time (seconds): 407.71
	System time (seconds): 0.95
	Percent of CPU this job got: 99%
	Elapsed (wall clock) time (h:mm:ss or m:ss): 6:48.71
	Average shared text size (kbytes): 0
	Average unshared data size (kbytes): 0
	Average stack size (kbytes): 0
	Average total size (kbytes): 0
	Maximum resident set size (kbytes): 787832
	Average resident set size (kbytes): 0
	Major (requiring I/O) page faults: 0
	Minor (reclaiming a frame) page faults: 284586
	Voluntary context switches: 1
	Involuntary context switches: 2449
	Swaps: 0
	File system inputs: 0
	File system outputs: 24784
	Socket messages sent: 0
	Socket messages received: 0
	Signals delivered: 0
	Page size (bytes): 4096
	Exit status: 0
