[walks shard 5] 5/62 instances, 600 cases, 31.7s
[walks shard 5] 10/62 instances, 1220 cases, 64.5s
[walks shard 5] 15/62 instances, 1840 cases, 96.3s
[walks shard 5] 20/62 instances, 2440 cases, 131.5s
[walks shard 5] 25/62 instances, 3040 cases, 170.5s
[walks shard 5] 30/62 instances, 3640 cases, 201.2s
[walks shard 5] 35/62 instances, 4240 cases, 232.8s
[walks shard 5] 40/62 instances, 4840 cases, 260.3s
[walks shard 5] 45/62 instances, 5460 cases, 291.4s
[walks shard 5] 50/62 instances, 6060 cases, 325.5s
[walks shard 5] 55/62 instances, 6660 cases, 358.9s
[walks shard 5] 60/62 instances, 7260 cases, 390.9s
[walks shard 5] 62/62 instances, 7500 cases, 404.4s
wrote results/benchmark_v2/cases_shard_005.csv.gz: 7500 cases in 412.4s
	Command being timed: "nice -n 10 python src/run_benchmark_walks.py --preset v2 --num-shards 12 --shard-id 5"
	User time (seconds): 412.10
	System time (seconds): 0.88
	Percent of CPU this job got: 99%
	Elapsed (wall clock) time (h:mm:ss or m:ss): 6:53.03
	Average shared text size (kbytes): 0
	Average unshared data size (kbytes): 0
	Average stack size (kbytes): 0
	Average total size (kbytes): 0
	Maximum resident set size (kbytes): 788436
	Average resident set size (kbytes): 0
	Major (requiring I/O) page faults: 0
	Minor (reclaiming a frame) page faults: 268500
	Voluntary context switches: 1
	Involuntary context switches: 2578
	Swaps: 0
	File system inputs: 0
	File system outputs: 24960
	Socket messages sent: 0
	Socket messages received: 0
	Signals delivered: 0
	Page size (bytes): 4096
	Exit status: 0
