[walks shard 3] 5/62 instances, 600 cases, 31.6s
[walks shard 3] 10/62 instances, 1200 cases, 64.6s
[walks shard 3] 15/62 instances, 1800 cases, 95.4s
[walks shard 3] 20/62 instances, 2400 cases, 131.6s
[walks shard 3] 25/62 instances, 3000 cases, 171.6s
[walks shard 3] 30/62 instances, 3600 cases, 203.8s
[walks shard 3] 35/62 instances, 4220 cases, 236.8s
[walks shard 3] 40/62 instances, 4820 cases, 265.2s
[walks shard 3] 45/62 instances, 5420 cases, 297.2s
[walks shard 3] 50/62 instances, 6040 cases, 331.2s
[walks shard 3] 55/62 instances, 6640 cases, 367.3s
[walks shard 3] 60/62 instances, 7240 cases, 399.9s
[walks shard 3] 62/62 instances, 7480 cases, 413.1s
wrote results/benchmark_v2/cases_shard_003.csv.gz: 7480 cases in 421.2s
	Command being timed: "nice -n 10 python src/run_benchmark_walks.py --preset v2 --num-shards 12 --shard-id 3"
	User time (seconds): 420.86
	System time (seconds): 0.97
	Percent of CPU this job got: 99%
	Elapsed (wall clock) time (h:mm:ss or m:ss): 7:01.88
	Average shared text size (kbytes): 0
	Average unshared data size (kbytes): 0
	Average stack size (kbytes): 0
	Average total size (kbytes): 0
	Maximum resident set size (kbytes): 786096
	Average resident set size (kbytes): 0
	Major (requiring I/O) page faults: 0
	Minor (reclaiming a frame) page faults: 282961
	Voluntary context switches: 1
	Involuntary context switches: 2400
	Swaps: 0
	File system inputs: 0
	File system outputs: 24864
	Socket messages sent: 0
	Socket messages received: 0
	Signals delivered: 0
	Page size (bytes): 4096
	Exit status: 0
