[walks shard 4] 5/62 instances, 600 cases, 31.6s
[walks shard 4] 10/62 instances, 1200 cases, 64.3s
[walks shard 4] 15/62 instances, 1800 cases, 96.3s
[walks shard 4] 20/62 instances, 2400 cases, 131.6s
[walks shard 4] 25/62 instances, 3000 cases, 169.0s
[walks shard 4] 30/62 instances, 3600 cases, 199.1s
[walks shard 4] 35/62 instances, 4200 cases, 228.2s
[walks shard 4] 40/62 instances, 4820 cases, 254.5s
[walks shard 4] 45/62 instances, 5440 cases, 284.1s
[walks shard 4] 50/62 instances, 6060 cases, 317.8s
[walks shard 4] 55/62 instances, 6660 cases, 351.5s
[walks shard 4] 60/62 instances, 7280 cases, 383.7s
[walks shard 4] 62/62 instances, 7520 cases, 397.0s
wrote results/benchmark_v2/cases_shard_004.csv.gz: 7520 cases in 404.9s
	Command being timed: "nice -n 10 python src/run_benchmark_walks.py --preset v2 --num-shards 12 --shard-id 4"
	User time (seconds): 404.57
	System time (seconds): 0.93
	Percent of CPU this job got: 99%
	Elapsed (wall clock) time (h:mm:ss or m:ss): 6:45.55
	Average shared text size (kbytes): 0
	Average unshared data size (kbytes): 0
	Average stack size (kbytes): 0
	Average total size (kbytes): 0
	Maximum resident set size (kbytes): 789652
	Average resident set size (kbytes): 0
	Major (requiring I/O) page faults: 0
	Minor (reclaiming a frame) page faults: 283594
	Voluntary context switches: 1
	Involuntary context switches: 2284
	Swaps: 0
	File system inputs: 0
	File system outputs: 24520
	Socket messages sent: 0
	Socket messages received: 0
	Signals delivered: 0
	Page size (bytes): 4096
	Exit status: 0
