[real] parsing sp_hospital: data/raw/hospital_lyon_contacts.dat.gz
[real] parsing sp_primaryschool: data/raw/primaryschool.csv.gz
[real] parsing sp_highschool2013: data/raw/HighSchool2013_proximity_net.csv.gz
[real] parsing sp_hypertext2009: data/raw/ht2009_contact_list.dat.gz
[real] parsing snap_collegemsg: data/raw/CollegeMsg.txt.gz
[real] parsing snap_email_eu: data/raw/email-Eu-core-temporal.txt.gz

wrote data/benchmark_full/manifest.csv: 246 instances, 36 independent groups
data_block
mechanistic_activity    18
mechanistic_dar         72
real_controlled         36
real_empirical           6
real_shuffle            18
synthetic_controlled    96
	Command being timed: "nice -n 10 python src/build_benchmark_data.py --preset full --overwrite"
	User time (seconds): 148.96
	System time (seconds): 2.56
	Percent of CPU this job got: 99%
	Elapsed (wall clock) time (h:mm:ss or m:ss): 2:31.58
	Average shared text size (kbytes): 0
	Average unshared data size (kbytes): 0
	Average stack size (kbytes): 0
	Average total size (kbytes): 0
	Maximum resident set size (kbytes): 329548
	Average resident set size (kbytes): 0
	Major (requiring I/O) page faults: 2
	Minor (reclaiming a frame) page faults: 1024147
	Voluntary context switches: 9
	Involuntary context switches: 2775
	Swaps: 0
	File system inputs: 752
	File system outputs: 192352
	Socket messages sent: 0
	Socket messages received: 0
	Signals delivered: 0
	Page size (bytes): 4096
	Exit status: 0
