[walks shard 7] 5/20 instances, 240 cases, 12.8s
[walks shard 7] 10/20 instances, 480 cases, 24.9s
[walks shard 7] 15/20 instances, 720 cases, 36.2s
[walks shard 7] 20/20 instances, 972 cases, 47.7s
wrote results/benchmark_full/cases_shard_007.csv.gz: 972 cases in 48.6s
	Command being timed: "nice -n 10 python src/run_benchmark_walks.py --preset full --num-shards 12 --shard-id 7"
	User time (seconds): 48.79
	System time (seconds): 0.25
	Percent of CPU this job got: 99%
	Elapsed (wall clock) time (h:mm:ss or m:ss): 0:49.05
	Average shared text size (kbytes): 0
	Average unshared data size (kbytes): 0
	Average stack size (kbytes): 0
	Average total size (kbytes): 0
	Maximum resident set size (kbytes): 276216
	Average resident set size (kbytes): 0
	Major (requiring I/O) page faults: 0
	Minor (reclaiming a frame) page faults: 80456
	Voluntary context switches: 1
	Involuntary context switches: 274
	Swaps: 0
	File system inputs: 0
	File system outputs: 1824
	Socket messages sent: 0
	Socket messages received: 0
	Signals delivered: 0
	Page size (bytes): 4096
	Exit status: 0
