[walks shard 5] 5/21 instances, 240 cases, 13.1s
[walks shard 5] 10/21 instances, 492 cases, 24.6s
[walks shard 5] 15/21 instances, 744 cases, 35.8s
[walks shard 5] 20/21 instances, 984 cases, 47.4s
[walks shard 5] 21/21 instances, 1032 cases, 49.7s
wrote results/benchmark_full/cases_shard_005.csv.gz: 1032 cases in 50.6s
	Command being timed: "nice -n 10 python src/run_benchmark_walks.py --preset full --num-shards 12 --shard-id 5"
	User time (seconds): 50.81
	System time (seconds): 0.27
	Percent of CPU this job got: 99%
	Elapsed (wall clock) time (h:mm:ss or m:ss): 0:51.08
	Average shared text size (kbytes): 0
	Average unshared data size (kbytes): 0
	Average stack size (kbytes): 0
	Average total size (kbytes): 0
	Maximum resident set size (kbytes): 276784
	Average resident set size (kbytes): 0
	Major (requiring I/O) page faults: 0
	Minor (reclaiming a frame) page faults: 79512
	Voluntary context switches: 1
	Involuntary context switches: 258
	Swaps: 0
	File system inputs: 0
	File system outputs: 2032
	Socket messages sent: 0
	Socket messages received: 0
	Signals delivered: 0
	Page size (bytes): 4096
	Exit status: 0
