[walks shard 9] 5/20 instances, 252 cases, 12.9s
[walks shard 9] 10/20 instances, 504 cases, 24.8s
[walks shard 9] 15/20 instances, 756 cases, 36.2s
[walks shard 9] 20/20 instances, 1008 cases, 47.7s
wrote results/benchmark_full/cases_shard_009.csv.gz: 1008 cases in 48.5s
	Command being timed: "nice -n 10 python src/run_benchmark_walks.py --preset full --num-shards 12 --shard-id 9"
	User time (seconds): 48.74
	System time (seconds): 0.23
	Percent of CPU this job got: 99%
	Elapsed (wall clock) time (h:mm:ss or m:ss): 0:48.98
	Average shared text size (kbytes): 0
	Average unshared data size (kbytes): 0
	Average stack size (kbytes): 0
	Average total size (kbytes): 0
	Maximum resident set size (kbytes): 277108
	Average resident set size (kbytes): 0
	Major (requiring I/O) page faults: 0
	Minor (reclaiming a frame) page faults: 79769
	Voluntary context switches: 1
	Involuntary context switches: 281
	Swaps: 0
	File system inputs: 0
	File system outputs: 1848
	Socket messages sent: 0
	Socket messages received: 0
	Signals delivered: 0
	Page size (bytes): 4096
	Exit status: 0
