[walks shard 11] 5/20 instances, 252 cases, 13.1s
[walks shard 11] 10/20 instances, 492 cases, 24.9s
[walks shard 11] 15/20 instances, 732 cases, 36.2s
[walks shard 11] 20/20 instances, 972 cases, 47.6s
wrote results/benchmark_full/cases_shard_011.csv.gz: 972 cases in 48.4s
	Command being timed: "nice -n 10 python src/run_benchmark_walks.py --preset full --num-shards 12 --shard-id 11"
	User time (seconds): 48.68
	System time (seconds): 0.25
	Percent of CPU this job got: 99%
	Elapsed (wall clock) time (h:mm:ss or m:ss): 0:48.93
	Average shared text size (kbytes): 0
	Average unshared data size (kbytes): 0
	Average stack size (kbytes): 0
	Average total size (kbytes): 0
	Maximum resident set size (kbytes): 266744
	Average resident set size (kbytes): 0
	Major (requiring I/O) page faults: 0
	Minor (reclaiming a frame) page faults: 81702
	Voluntary context switches: 1
	Involuntary context switches: 317
	Swaps: 0
	File system inputs: 0
	File system outputs: 1864
	Socket messages sent: 0
	Socket messages received: 0
	Signals delivered: 0
	Page size (bytes): 4096
	Exit status: 0
