[walks shard 6] 5/62 instances, 600 cases, 31.7s
[walks shard 6] 10/62 instances, 1200 cases, 64.4s
[walks shard 6] 15/62 instances, 1800 cases, 95.2s
[walks shard 6] 20/62 instances, 2400 cases, 132.1s
[walks shard 6] 25/62 instances, 3040 cases, 169.5s
[walks shard 6] 30/62 instances, 3640 cases, 202.3s
[walks shard 6] 35/62 instances, 4240 cases, 233.6s
[walks shard 6] 40/62 instances, 4840 cases, 263.4s
[walks shard 6] 45/62 instances, 5440 cases, 295.5s
[walks shard 6] 50/62 instances, 6040 cases, 329.4s
[walks shard 6] 55/62 instances, 6640 cases, 363.1s
[walks shard 6] 60/62 instances, 7240 cases, 395.6s
[walks shard 6] 62/62 instances, 7480 cases, 409.0s
wrote results/benchmark_v2/cases_shard_006.csv.gz: 7480 cases in 416.9s
	Command being timed: "nice -n 10 python src/run_benchmark_walks.py --preset v2 --num-shards 12 --shard-id 6"
	User time (seconds): 416.66
	System time (seconds): 0.90
	Percent of CPU this job got: 99%
	Elapsed (wall clock) time (h:mm:ss or m:ss): 6:57.61
	Average shared text size (kbytes): 0
	Average unshared data size (kbytes): 0
	Average stack size (kbytes): 0
	Average total size (kbytes): 0
	Maximum resident set size (kbytes): 786704
	Average resident set size (kbytes): 0
	Major (requiring I/O) page faults: 0
	Minor (reclaiming a frame) page faults: 278806
	Voluntary context switches: 1
	Involuntary context switches: 2273
	Swaps: 0
	File system inputs: 0
	File system outputs: 24912
	Socket messages sent: 0
	Socket messages received: 0
	Signals delivered: 0
	Page size (bytes): 4096
	Exit status: 0
