[walks shard 1] 5/62 instances, 600 cases, 32.4s
[walks shard 1] 10/62 instances, 1200 cases, 66.2s
[walks shard 1] 15/62 instances, 1820 cases, 97.5s
[walks shard 1] 20/62 instances, 2420 cases, 135.0s
[walks shard 1] 25/62 instances, 3020 cases, 173.8s
[walks shard 1] 30/62 instances, 3620 cases, 203.7s
[walks shard 1] 35/62 instances, 4240 cases, 233.6s
[walks shard 1] 40/62 instances, 4840 cases, 258.5s
[walks shard 1] 45/62 instances, 5440 cases, 288.4s
[walks shard 1] 50/62 instances, 6040 cases, 321.6s
[walks shard 1] 55/62 instances, 6660 cases, 354.7s
[walks shard 1] 60/62 instances, 7260 cases, 387.1s
[walks shard 1] 62/62 instances, 7500 cases, 400.1s
wrote results/benchmark_v2/cases_shard_001.csv.gz: 7500 cases in 408.3s
	Command being timed: "nice -n 10 python src/run_benchmark_walks.py --preset v2 --num-shards 12 --shard-id 1"
	User time (seconds): 407.99
	System time (seconds): 0.93
	Percent of CPU this job got: 99%
	Elapsed (wall clock) time (h:mm:ss or m:ss): 6:48.97
	Average shared text size (kbytes): 0
	Average unshared data size (kbytes): 0
	Average stack size (kbytes): 0
	Average total size (kbytes): 0
	Maximum resident set size (kbytes): 787996
	Average resident set size (kbytes): 0
	Major (requiring I/O) page faults: 0
	Minor (reclaiming a frame) page faults: 286419
	Voluntary context switches: 1
	Involuntary context switches: 2370
	Swaps: 0
	File system inputs: 0
	File system outputs: 24480
	Socket messages sent: 0
	Socket messages received: 0
	Signals delivered: 0
	Page size (bytes): 4096
	Exit status: 0
