[walks shard 7] 5/62 instances, 600 cases, 31.7s
[walks shard 7] 10/62 instances, 1200 cases, 65.1s
[walks shard 7] 15/62 instances, 1820 cases, 95.4s
[walks shard 7] 20/62 instances, 2420 cases, 132.6s
[walks shard 7] 25/62 instances, 3020 cases, 168.1s
[walks shard 7] 30/62 instances, 3620 cases, 197.4s
[walks shard 7] 35/62 instances, 4220 cases, 227.0s
[walks shard 7] 40/62 instances, 4840 cases, 252.7s
[walks shard 7] 45/62 instances, 5440 cases, 284.0s
[walks shard 7] 50/62 instances, 6040 cases, 318.1s
[walks shard 7] 55/62 instances, 6640 cases, 350.7s
[walks shard 7] 60/62 instances, 7240 cases, 382.4s
[walks shard 7] 62/62 instances, 7480 cases, 395.8s
wrote results/benchmark_v2/cases_shard_007.csv.gz: 7480 cases in 403.9s
	Command being timed: "nice -n 10 python src/run_benchmark_walks.py --preset v2 --num-shards 12 --shard-id 7"
	User time (seconds): 403.69
	System time (seconds): 0.86
	Percent of CPU this job got: 99%
	Elapsed (wall clock) time (h:mm:ss or m:ss): 6:44.61
	Average shared text size (kbytes): 0
	Average unshared data size (kbytes): 0
	Average stack size (kbytes): 0
	Average total size (kbytes): 0
	Maximum resident set size (kbytes): 787184
	Average resident set size (kbytes): 0
	Major (requiring I/O) page faults: 0
	Minor (reclaiming a frame) page faults: 261908
	Voluntary context switches: 3
	Involuntary context switches: 1997
	Swaps: 0
	File system inputs: 0
	File system outputs: 24720
	Socket messages sent: 0
	Socket messages received: 0
	Signals delivered: 0
	Page size (bytes): 4096
	Exit status: 0
