[walks shard 0] 5/63 instances, 600 cases, 30.5s
[walks shard 0] 10/63 instances, 1220 cases, 64.3s
[walks shard 0] 15/63 instances, 1840 cases, 96.0s
[walks shard 0] 20/63 instances, 2440 cases, 128.8s
[walks shard 0] 25/63 instances, 3040 cases, 168.9s
[walks shard 0] 30/63 instances, 3640 cases, 202.6s
[walks shard 0] 35/63 instances, 4240 cases, 236.0s
[walks shard 0] 40/63 instances, 4840 cases, 266.2s
[walks shard 0] 45/63 instances, 5440 cases, 298.6s
[walks shard 0] 50/63 instances, 6040 cases, 334.7s
[walks shard 0] 55/63 instances, 6640 cases, 367.8s
[walks shard 0] 60/63 instances, 7240 cases, 400.6s
[walks shard 0] 63/63 instances, 7600 cases, 420.3s
wrote results/benchmark_v2/cases_shard_000.csv.gz: 7600 cases in 428.4s
	Command being timed: "nice -n 10 python src/run_benchmark_walks.py --preset v2 --num-shards 12 --shard-id 0"
	User time (seconds): 428.25
	System time (seconds): 0.78
	Percent of CPU this job got: 99%
	Elapsed (wall clock) time (h:mm:ss or m:ss): 7:09.08
	Average shared text size (kbytes): 0
	Average unshared data size (kbytes): 0
	Average stack size (kbytes): 0
	Average total size (kbytes): 0
	Maximum resident set size (kbytes): 794280
	Average resident set size (kbytes): 0
	Major (requiring I/O) page faults: 0
	Minor (reclaiming a frame) page faults: 275626
	Voluntary context switches: 2
	Involuntary context switches: 2331
	Swaps: 0
	File system inputs: 0
	File system outputs: 25072
	Socket messages sent: 0
	Socket messages received: 0
	Signals delivered: 0
	Page size (bytes): 4096
	Exit status: 0
