[walks shard 9] 5/62 instances, 600 cases, 31.0s
[walks shard 9] 10/62 instances, 1200 cases, 64.2s
[walks shard 9] 15/62 instances, 1800 cases, 96.7s
[walks shard 9] 20/62 instances, 2400 cases, 134.5s
[walks shard 9] 25/62 instances, 3040 cases, 173.1s
[walks shard 9] 30/62 instances, 3640 cases, 206.2s
[walks shard 9] 35/62 instances, 4260 cases, 238.9s
[walks shard 9] 40/62 instances, 4860 cases, 267.6s
[walks shard 9] 45/62 instances, 5460 cases, 299.9s
[walks shard 9] 50/62 instances, 6060 cases, 335.1s
[walks shard 9] 55/62 instances, 6660 cases, 368.2s
[walks shard 9] 60/62 instances, 7260 cases, 400.4s
[walks shard 9] 62/62 instances, 7500 cases, 414.3s
wrote results/benchmark_v2/cases_shard_009.csv.gz: 7500 cases in 422.2s
	Command being timed: "nice -n 10 python src/run_benchmark_walks.py --preset v2 --num-shards 12 --shard-id 9"
	User time (seconds): 421.88
	System time (seconds): 0.98
	Percent of CPU this job got: 99%
	Elapsed (wall clock) time (h:mm:ss or m:ss): 7:02.92
	Average shared text size (kbytes): 0
	Average unshared data size (kbytes): 0
	Average stack size (kbytes): 0
	Average total size (kbytes): 0
	Maximum resident set size (kbytes): 787888
	Average resident set size (kbytes): 0
	Major (requiring I/O) page faults: 0
	Minor (reclaiming a frame) page faults: 282034
	Voluntary context switches: 1
	Involuntary context switches: 2054
	Swaps: 0
	File system inputs: 0
	File system outputs: 24960
	Socket messages sent: 0
	Socket messages received: 0
	Signals delivered: 0
	Page size (bytes): 4096
	Exit status: 0
